// Vitest Snapshot v1, https://vitest.dev/guide/snapshot.html

exports[`TheCar > should render as expected 1`] = `
<div
  class="car"
  data-v-fb2245a3=""
>
  <car-chassis-stub
    color="#000000"
    data-v-fb2245a3=""
    height="125"
    length="250"
    width="500"
  />
  <div
    class="left"
    data-v-fb2245a3=""
  >
    <div
      class="back"
      data-v-fb2245a3=""
    >
      <car-wheel-stub
        data-v-fb2245a3=""
        diameter="180"
        speed="0"
        width="50"
      />
    </div>
    <div
      class="front"
      data-v-fb2245a3=""
    >
      <car-wheel-stub
        data-v-fb2245a3=""
        diameter="180"
        speed="0"
        width="50"
      />
    </div>
  </div>
  <div
    class="right"
    data-v-fb2245a3=""
  >
    <div
      class="back"
      data-v-fb2245a3=""
    >
      <car-wheel-stub
        data-v-fb2245a3=""
        diameter="180"
        speed="0"
        width="50"
      />
    </div>
    <div
      class="front"
      data-v-fb2245a3=""
    >
      <car-wheel-stub
        data-v-fb2245a3=""
        diameter="180"
        speed="0"
        width="50"
      />
    </div>
  </div>
</div>
`;
